#-----------------------------------------------------------
# Vivado v2023.2 (64-bit)
# SW Build 4029153 on Fri Oct 13 20:14:34 MDT 2023
# IP Build 4028589 on Sat Oct 14 00:45:43 MDT 2023
# SharedData Build 4025554 on Tue Oct 10 17:18:54 MDT 2023
# Start of session at: Sun Apr  7 22:09:18 2024
# Process ID: 31664
# Current directory: C:/Users/10502/Desktop/LA/LA code/front
# Command line: vivado.exe -gui_launcher_event rodinguilauncherevent37068 C:\Users\10502\Desktop\LA\LA code\front\front.xpr
# Log file: C:/Users/10502/Desktop/LA/LA code/front/vivado.log
# Journal file: C:/Users/10502/Desktop/LA/LA code/front\vivado.jou
# Running On: LAPTOP-JFJE2S5H, OS: Windows, CPU Frequency: 3294 MHz, CPU Physical cores: 16, Host memory: 33737 MB
#-----------------------------------------------------------
start_gui
open_project {C:/Users/10502/Desktop/LA/LA code/front/front.xpr}
close [ open {C:/Users/10502/Desktop/LA/LA code/front/front.srcs/sources_1/new/saturating counter.v} w ]
add_files {{C:/Users/10502/Desktop/LA/LA code/front/front.srcs/sources_1/new/saturating counter.v}}
update_compile_order -fileset sources_1
export_ip_user_files -of_objects  [get_files {{C:/Users/10502/Desktop/LA/LA code/front/front.srcs/sources_1/new/saturating counter.v}}] -no_script -reset -force -quiet
remove_files  {{C:/Users/10502/Desktop/LA/LA code/front/front.srcs/sources_1/new/saturating counter.v}}
close [ open {C:/Users/10502/Desktop/LA/LA code/front/front.srcs/sources_1/new/twobitcounter.v} w ]
add_files {{C:/Users/10502/Desktop/LA/LA code/front/front.srcs/sources_1/new/twobitcounter.v}}
close [ open {C:/Users/10502/Desktop/LA/LA code/front/front.srcs/sources_1/new/counter.v} w ]
add_files {{C:/Users/10502/Desktop/LA/LA code/front/front.srcs/sources_1/new/counter.v}}
update_compile_order -fileset sources_1
update_compile_order -fileset sources_1
